// Jest Snapshot v1, https://goo.gl/fbAQLP

exports[`Process markdown content correctly Process generated markdown node correctly Correctly creates a new MarkdownRemark node 1`] = `
Array [
  Array [
    Object {
      "children": Array [],
      "excerpt": "",
      "frontmatter": Object {
        "date": "2017-09-18T23:19:51.246Z",
        "title": "my little pony",
      },
      "id": "uuid-from-gatsby",
      "internal": Object {
        "content": "Where oh where is my little pony?
            ",
        "contentDigest": "d041434d15cb094fcf097bfd9e45347b",
        "type": "MarkdownRemark",
      },
      "parent": "whatever",
      "rawMarkdownBody": "Where oh where is my little pony?
            ",
    },
  ],
]
`;

exports[`Process markdown content correctly Process generated markdown node correctly Correctly creates a new MarkdownRemark node 2`] = `
Array [
  Array [
    Object {
      "child": Object {
        "children": Array [],
        "excerpt": "",
        "frontmatter": Object {
          "date": "2017-09-18T23:19:51.246Z",
          "title": "my little pony",
        },
        "id": "uuid-from-gatsby",
        "internal": Object {
          "content": "Where oh where is my little pony?
            ",
          "contentDigest": "d041434d15cb094fcf097bfd9e45347b",
          "type": "MarkdownRemark",
        },
        "parent": "whatever",
        "rawMarkdownBody": "Where oh where is my little pony?
            ",
      },
      "parent": Object {
        "children": Array [],
        "content": "---
title: \\"my little pony\\"
date: \\"2017-09-18T23:19:51.246Z\\"
---
Where oh where is my little pony?
            ",
        "id": "whatever",
        "internal": Object {
          "contentDigest": "whatever",
          "mediaType": "text/markdown",
        },
      },
    },
  ],
]
`;

exports[`Process markdown content correctly Process generated markdown node correctly Correctly parses a graymatter excerpt 1`] = `
Array [
  Array [
    Object {
      "children": Array [],
      "excerpt": "Lorem ipsum dolor sit amet, consectetur adipiscing elit. Morbi auctor sit amet velit id facilisis. Nulla viverra, eros at efficitur pulvinar, lectus orci accumsan nisi, eu blandit elit nulla nec lectus. Integer porttitor imperdiet sapien. Quisque in orci sed nisi consequat aliquam. Aenean id mollis nisi. Sed auctor odio id erat facilisis venenatis. Quisque posuere faucibus libero vel fringilla.

In quis lectus sed eros efficitur luctus. Morbi tempor, nisl eget feugiat tincidunt, sem velit vulputate enim, nec interdum augue enim nec mauris. Nulla iaculis ante sed enim placerat pretium. Nulla metus odio, facilisis vestibulum lobortis vitae, bibendum at nunc. Donec sit amet efficitur metus, in bibendum nisi. Vivamus tempus vel turpis sit amet auctor. Maecenas luctus vestibulum velit, at sagittis leo volutpat quis. Praesent posuere nec augue eget sodales. Pellentesque vitae arcu ut est varius venenatis id maximus sem. Curabitur non consectetur turpis.

",
      "frontmatter": Object {
        "date": "2017-09-18T23:19:51.246Z",
        "title": "my little pony",
      },
      "id": "uuid-from-gatsby",
      "internal": Object {
        "content": "Lorem ipsum dolor sit amet, consectetur adipiscing elit. Morbi auctor sit amet velit id facilisis. Nulla viverra, eros at efficitur pulvinar, lectus orci accumsan nisi, eu blandit elit nulla nec lectus. Integer porttitor imperdiet sapien. Quisque in orci sed nisi consequat aliquam. Aenean id mollis nisi. Sed auctor odio id erat facilisis venenatis. Quisque posuere faucibus libero vel fringilla.

In quis lectus sed eros efficitur luctus. Morbi tempor, nisl eget feugiat tincidunt, sem velit vulputate enim, nec interdum augue enim nec mauris. Nulla iaculis ante sed enim placerat pretium. Nulla metus odio, facilisis vestibulum lobortis vitae, bibendum at nunc. Donec sit amet efficitur metus, in bibendum nisi. Vivamus tempus vel turpis sit amet auctor. Maecenas luctus vestibulum velit, at sagittis leo volutpat quis. Praesent posuere nec augue eget sodales. Pellentesque vitae arcu ut est varius venenatis id maximus sem. Curabitur non consectetur turpis.

<!-- end -->

Maecenas sodales, arcu at dictum porta, sapien leo consectetur metus, nec rhoncus quam mauris vel odio. Vivamus sed sapien in massa pulvinar feugiat vel eu tellus. Nam rutrum sem nisi, vitae viverra erat varius ut. Praesent fringilla, metus in condimentum varius, ligula augue efficitur dolor, at tempus velit velit id arcu. Suspendisse urna est, blandit ac lacus id, efficitur semper purus. Etiam dignissim suscipit lorem accumsan ultricies. Duis lacinia tortor sapien, sed malesuada leo molestie nec. Sed lobortis varius ipsum, eu lobortis metus malesuada consequat. Sed purus nulla, tempor ac tincidunt et, blandit vel ex. Vestibulum id dolor non nulla posuere consectetur quis et turpis. Cras dolor metus, elementum a enim at, semper bibendum sapien. Sed lacus augue, laoreet in metus id, volutpat malesuada mauris.

Sed eu gravida mauris. Suspendisse potenti. Praesent sit amet egestas mi, sed hendrerit eros. Vestibulum congue scelerisque magna, id viverra justo congue nec. Duis id dapibus metus, et dictum erat. Nulla rhoncus a mauris nec tincidunt. Interdum et malesuada fames ac ante ipsum primis in faucibus. Donec elementum molestie ullamcorper. Nulla pulvinar feugiat mauris, placerat malesuada ligula rutrum non. Integer venenatis ex at dignissim fermentum. Nunc bibendum nulla in purus pharetra, non sodales justo fringilla.

Sed bibendum sem iaculis, pellentesque leo sed, imperdiet ante. Sed consequat mattis dui nec pretium. Donec vel consectetur est. Nam sagittis, libero vitae pretium pharetra, velit est dignissim erat, at cursus quam massa vitae ligula. Suspendisse potenti. In hac habitasse platea dictumst. Donec sit amet finibus justo. Mauris ante dolor, pulvinar vitae feugiat eu, rhoncus nec diam. In ut accumsan diam, faucibus fringilla odio. Nunc id ultricies turpis. Quisque justo quam, tristique sit amet interdum quis, facilisis at mi. Fusce porttitor vel sem ut condimentum. Praesent at libero congue, vulputate elit ut, rhoncus erat.
            ",
        "contentDigest": "c3e139c39e6d1b57492467150598f53c",
        "type": "MarkdownRemark",
      },
      "parent": "whatever",
      "rawMarkdownBody": "Lorem ipsum dolor sit amet, consectetur adipiscing elit. Morbi auctor sit amet velit id facilisis. Nulla viverra, eros at efficitur pulvinar, lectus orci accumsan nisi, eu blandit elit nulla nec lectus. Integer porttitor imperdiet sapien. Quisque in orci sed nisi consequat aliquam. Aenean id mollis nisi. Sed auctor odio id erat facilisis venenatis. Quisque posuere faucibus libero vel fringilla.

In quis lectus sed eros efficitur luctus. Morbi tempor, nisl eget feugiat tincidunt, sem velit vulputate enim, nec interdum augue enim nec mauris. Nulla iaculis ante sed enim placerat pretium. Nulla metus odio, facilisis vestibulum lobortis vitae, bibendum at nunc. Donec sit amet efficitur metus, in bibendum nisi. Vivamus tempus vel turpis sit amet auctor. Maecenas luctus vestibulum velit, at sagittis leo volutpat quis. Praesent posuere nec augue eget sodales. Pellentesque vitae arcu ut est varius venenatis id maximus sem. Curabitur non consectetur turpis.

<!-- end -->

Maecenas sodales, arcu at dictum porta, sapien leo consectetur metus, nec rhoncus quam mauris vel odio. Vivamus sed sapien in massa pulvinar feugiat vel eu tellus. Nam rutrum sem nisi, vitae viverra erat varius ut. Praesent fringilla, metus in condimentum varius, ligula augue efficitur dolor, at tempus velit velit id arcu. Suspendisse urna est, blandit ac lacus id, efficitur semper purus. Etiam dignissim suscipit lorem accumsan ultricies. Duis lacinia tortor sapien, sed malesuada leo molestie nec. Sed lobortis varius ipsum, eu lobortis metus malesuada consequat. Sed purus nulla, tempor ac tincidunt et, blandit vel ex. Vestibulum id dolor non nulla posuere consectetur quis et turpis. Cras dolor metus, elementum a enim at, semper bibendum sapien. Sed lacus augue, laoreet in metus id, volutpat malesuada mauris.

Sed eu gravida mauris. Suspendisse potenti. Praesent sit amet egestas mi, sed hendrerit eros. Vestibulum congue scelerisque magna, id viverra justo congue nec. Duis id dapibus metus, et dictum erat. Nulla rhoncus a mauris nec tincidunt. Interdum et malesuada fames ac ante ipsum primis in faucibus. Donec elementum molestie ullamcorper. Nulla pulvinar feugiat mauris, placerat malesuada ligula rutrum non. Integer venenatis ex at dignissim fermentum. Nunc bibendum nulla in purus pharetra, non sodales justo fringilla.

Sed bibendum sem iaculis, pellentesque leo sed, imperdiet ante. Sed consequat mattis dui nec pretium. Donec vel consectetur est. Nam sagittis, libero vitae pretium pharetra, velit est dignissim erat, at cursus quam massa vitae ligula. Suspendisse potenti. In hac habitasse platea dictumst. Donec sit amet finibus justo. Mauris ante dolor, pulvinar vitae feugiat eu, rhoncus nec diam. In ut accumsan diam, faucibus fringilla odio. Nunc id ultricies turpis. Quisque justo quam, tristique sit amet interdum quis, facilisis at mi. Fusce porttitor vel sem ut condimentum. Praesent at libero congue, vulputate elit ut, rhoncus erat.
            ",
    },
  ],
]
`;

exports[`Process markdown content correctly Process generated markdown node correctly Correctly parses a graymatter excerpt 2`] = `
Array [
  Array [
    Object {
      "child": Object {
        "children": Array [],
        "excerpt": "Lorem ipsum dolor sit amet, consectetur adipiscing elit. Morbi auctor sit amet velit id facilisis. Nulla viverra, eros at efficitur pulvinar, lectus orci accumsan nisi, eu blandit elit nulla nec lectus. Integer porttitor imperdiet sapien. Quisque in orci sed nisi consequat aliquam. Aenean id mollis nisi. Sed auctor odio id erat facilisis venenatis. Quisque posuere faucibus libero vel fringilla.

In quis lectus sed eros efficitur luctus. Morbi tempor, nisl eget feugiat tincidunt, sem velit vulputate enim, nec interdum augue enim nec mauris. Nulla iaculis ante sed enim placerat pretium. Nulla metus odio, facilisis vestibulum lobortis vitae, bibendum at nunc. Donec sit amet efficitur metus, in bibendum nisi. Vivamus tempus vel turpis sit amet auctor. Maecenas luctus vestibulum velit, at sagittis leo volutpat quis. Praesent posuere nec augue eget sodales. Pellentesque vitae arcu ut est varius venenatis id maximus sem. Curabitur non consectetur turpis.

",
        "frontmatter": Object {
          "date": "2017-09-18T23:19:51.246Z",
          "title": "my little pony",
        },
        "id": "uuid-from-gatsby",
        "internal": Object {
          "content": "Lorem ipsum dolor sit amet, consectetur adipiscing elit. Morbi auctor sit amet velit id facilisis. Nulla viverra, eros at efficitur pulvinar, lectus orci accumsan nisi, eu blandit elit nulla nec lectus. Integer porttitor imperdiet sapien. Quisque in orci sed nisi consequat aliquam. Aenean id mollis nisi. Sed auctor odio id erat facilisis venenatis. Quisque posuere faucibus libero vel fringilla.

In quis lectus sed eros efficitur luctus. Morbi tempor, nisl eget feugiat tincidunt, sem velit vulputate enim, nec interdum augue enim nec mauris. Nulla iaculis ante sed enim placerat pretium. Nulla metus odio, facilisis vestibulum lobortis vitae, bibendum at nunc. Donec sit amet efficitur metus, in bibendum nisi. Vivamus tempus vel turpis sit amet auctor. Maecenas luctus vestibulum velit, at sagittis leo volutpat quis. Praesent posuere nec augue eget sodales. Pellentesque vitae arcu ut est varius venenatis id maximus sem. Curabitur non consectetur turpis.

<!-- end -->

Maecenas sodales, arcu at dictum porta, sapien leo consectetur metus, nec rhoncus quam mauris vel odio. Vivamus sed sapien in massa pulvinar feugiat vel eu tellus. Nam rutrum sem nisi, vitae viverra erat varius ut. Praesent fringilla, metus in condimentum varius, ligula augue efficitur dolor, at tempus velit velit id arcu. Suspendisse urna est, blandit ac lacus id, efficitur semper purus. Etiam dignissim suscipit lorem accumsan ultricies. Duis lacinia tortor sapien, sed malesuada leo molestie nec. Sed lobortis varius ipsum, eu lobortis metus malesuada consequat. Sed purus nulla, tempor ac tincidunt et, blandit vel ex. Vestibulum id dolor non nulla posuere consectetur quis et turpis. Cras dolor metus, elementum a enim at, semper bibendum sapien. Sed lacus augue, laoreet in metus id, volutpat malesuada mauris.

Sed eu gravida mauris. Suspendisse potenti. Praesent sit amet egestas mi, sed hendrerit eros. Vestibulum congue scelerisque magna, id viverra justo congue nec. Duis id dapibus metus, et dictum erat. Nulla rhoncus a mauris nec tincidunt. Interdum et malesuada fames ac ante ipsum primis in faucibus. Donec elementum molestie ullamcorper. Nulla pulvinar feugiat mauris, placerat malesuada ligula rutrum non. Integer venenatis ex at dignissim fermentum. Nunc bibendum nulla in purus pharetra, non sodales justo fringilla.

Sed bibendum sem iaculis, pellentesque leo sed, imperdiet ante. Sed consequat mattis dui nec pretium. Donec vel consectetur est. Nam sagittis, libero vitae pretium pharetra, velit est dignissim erat, at cursus quam massa vitae ligula. Suspendisse potenti. In hac habitasse platea dictumst. Donec sit amet finibus justo. Mauris ante dolor, pulvinar vitae feugiat eu, rhoncus nec diam. In ut accumsan diam, faucibus fringilla odio. Nunc id ultricies turpis. Quisque justo quam, tristique sit amet interdum quis, facilisis at mi. Fusce porttitor vel sem ut condimentum. Praesent at libero congue, vulputate elit ut, rhoncus erat.
            ",
          "contentDigest": "c3e139c39e6d1b57492467150598f53c",
          "type": "MarkdownRemark",
        },
        "parent": "whatever",
        "rawMarkdownBody": "Lorem ipsum dolor sit amet, consectetur adipiscing elit. Morbi auctor sit amet velit id facilisis. Nulla viverra, eros at efficitur pulvinar, lectus orci accumsan nisi, eu blandit elit nulla nec lectus. Integer porttitor imperdiet sapien. Quisque in orci sed nisi consequat aliquam. Aenean id mollis nisi. Sed auctor odio id erat facilisis venenatis. Quisque posuere faucibus libero vel fringilla.

In quis lectus sed eros efficitur luctus. Morbi tempor, nisl eget feugiat tincidunt, sem velit vulputate enim, nec interdum augue enim nec mauris. Nulla iaculis ante sed enim placerat pretium. Nulla metus odio, facilisis vestibulum lobortis vitae, bibendum at nunc. Donec sit amet efficitur metus, in bibendum nisi. Vivamus tempus vel turpis sit amet auctor. Maecenas luctus vestibulum velit, at sagittis leo volutpat quis. Praesent posuere nec augue eget sodales. Pellentesque vitae arcu ut est varius venenatis id maximus sem. Curabitur non consectetur turpis.

<!-- end -->

Maecenas sodales, arcu at dictum porta, sapien leo consectetur metus, nec rhoncus quam mauris vel odio. Vivamus sed sapien in massa pulvinar feugiat vel eu tellus. Nam rutrum sem nisi, vitae viverra erat varius ut. Praesent fringilla, metus in condimentum varius, ligula augue efficitur dolor, at tempus velit velit id arcu. Suspendisse urna est, blandit ac lacus id, efficitur semper purus. Etiam dignissim suscipit lorem accumsan ultricies. Duis lacinia tortor sapien, sed malesuada leo molestie nec. Sed lobortis varius ipsum, eu lobortis metus malesuada consequat. Sed purus nulla, tempor ac tincidunt et, blandit vel ex. Vestibulum id dolor non nulla posuere consectetur quis et turpis. Cras dolor metus, elementum a enim at, semper bibendum sapien. Sed lacus augue, laoreet in metus id, volutpat malesuada mauris.

Sed eu gravida mauris. Suspendisse potenti. Praesent sit amet egestas mi, sed hendrerit eros. Vestibulum congue scelerisque magna, id viverra justo congue nec. Duis id dapibus metus, et dictum erat. Nulla rhoncus a mauris nec tincidunt. Interdum et malesuada fames ac ante ipsum primis in faucibus. Donec elementum molestie ullamcorper. Nulla pulvinar feugiat mauris, placerat malesuada ligula rutrum non. Integer venenatis ex at dignissim fermentum. Nunc bibendum nulla in purus pharetra, non sodales justo fringilla.

Sed bibendum sem iaculis, pellentesque leo sed, imperdiet ante. Sed consequat mattis dui nec pretium. Donec vel consectetur est. Nam sagittis, libero vitae pretium pharetra, velit est dignissim erat, at cursus quam massa vitae ligula. Suspendisse potenti. In hac habitasse platea dictumst. Donec sit amet finibus justo. Mauris ante dolor, pulvinar vitae feugiat eu, rhoncus nec diam. In ut accumsan diam, faucibus fringilla odio. Nunc id ultricies turpis. Quisque justo quam, tristique sit amet interdum quis, facilisis at mi. Fusce porttitor vel sem ut condimentum. Praesent at libero congue, vulputate elit ut, rhoncus erat.
            ",
      },
      "parent": Object {
        "children": Array [],
        "content": "---
title: \\"my little pony\\"
date: \\"2017-09-18T23:19:51.246Z\\"
---
Lorem ipsum dolor sit amet, consectetur adipiscing elit. Morbi auctor sit amet velit id facilisis. Nulla viverra, eros at efficitur pulvinar, lectus orci accumsan nisi, eu blandit elit nulla nec lectus. Integer porttitor imperdiet sapien. Quisque in orci sed nisi consequat aliquam. Aenean id mollis nisi. Sed auctor odio id erat facilisis venenatis. Quisque posuere faucibus libero vel fringilla.

In quis lectus sed eros efficitur luctus. Morbi tempor, nisl eget feugiat tincidunt, sem velit vulputate enim, nec interdum augue enim nec mauris. Nulla iaculis ante sed enim placerat pretium. Nulla metus odio, facilisis vestibulum lobortis vitae, bibendum at nunc. Donec sit amet efficitur metus, in bibendum nisi. Vivamus tempus vel turpis sit amet auctor. Maecenas luctus vestibulum velit, at sagittis leo volutpat quis. Praesent posuere nec augue eget sodales. Pellentesque vitae arcu ut est varius venenatis id maximus sem. Curabitur non consectetur turpis.

<!-- end -->

Maecenas sodales, arcu at dictum porta, sapien leo consectetur metus, nec rhoncus quam mauris vel odio. Vivamus sed sapien in massa pulvinar feugiat vel eu tellus. Nam rutrum sem nisi, vitae viverra erat varius ut. Praesent fringilla, metus in condimentum varius, ligula augue efficitur dolor, at tempus velit velit id arcu. Suspendisse urna est, blandit ac lacus id, efficitur semper purus. Etiam dignissim suscipit lorem accumsan ultricies. Duis lacinia tortor sapien, sed malesuada leo molestie nec. Sed lobortis varius ipsum, eu lobortis metus malesuada consequat. Sed purus nulla, tempor ac tincidunt et, blandit vel ex. Vestibulum id dolor non nulla posuere consectetur quis et turpis. Cras dolor metus, elementum a enim at, semper bibendum sapien. Sed lacus augue, laoreet in metus id, volutpat malesuada mauris.

Sed eu gravida mauris. Suspendisse potenti. Praesent sit amet egestas mi, sed hendrerit eros. Vestibulum congue scelerisque magna, id viverra justo congue nec. Duis id dapibus metus, et dictum erat. Nulla rhoncus a mauris nec tincidunt. Interdum et malesuada fames ac ante ipsum primis in faucibus. Donec elementum molestie ullamcorper. Nulla pulvinar feugiat mauris, placerat malesuada ligula rutrum non. Integer venenatis ex at dignissim fermentum. Nunc bibendum nulla in purus pharetra, non sodales justo fringilla.

Sed bibendum sem iaculis, pellentesque leo sed, imperdiet ante. Sed consequat mattis dui nec pretium. Donec vel consectetur est. Nam sagittis, libero vitae pretium pharetra, velit est dignissim erat, at cursus quam massa vitae ligula. Suspendisse potenti. In hac habitasse platea dictumst. Donec sit amet finibus justo. Mauris ante dolor, pulvinar vitae feugiat eu, rhoncus nec diam. In ut accumsan diam, faucibus fringilla odio. Nunc id ultricies turpis. Quisque justo quam, tristique sit amet interdum quis, facilisis at mi. Fusce porttitor vel sem ut condimentum. Praesent at libero congue, vulputate elit ut, rhoncus erat.
            ",
        "id": "whatever",
        "internal": Object {
          "contentDigest": "whatever",
          "mediaType": "text/markdown",
        },
      },
    },
  ],
]
`;

exports[`Process markdown content correctly process graphql correctly Correctly queries an excerpt for a node with an excerpt separator 1`] = `
Object {
  "excerpt": "Lorem ipsum dolor sit amet, consectetur adipiscing elit. Morbi auctor sit amet velit id facilisis. Nulla viverra, eros at efficitur pulvinar, lectus orci accumsan nisi, eu blandit elit nulla nec lectus. Integer porttitor imperdiet sapien. Quisque in orci sed nisi consequat aliquam. Aenean id mollis nisi. Sed auctor odio id erat facilisis venenatis. Quisque posuere faucibus libero vel fringilla.

In quis lectus sed eros efficitur luctus. Morbi tempor, nisl eget feugiat tincidunt, sem velit vulputate enim, nec interdum augue enim nec mauris. Nulla iaculis ante sed enim placerat pretium. Nulla metus odio, facilisis vestibulum lobortis vitae, bibendum at nunc. Donec sit amet efficitur metus, in bibendum nisi. Vivamus tempus vel turpis sit amet auctor. Maecenas luctus vestibulum velit, at sagittis leo volutpat quis. Praesent posuere nec augue eget sodales. Pellentesque vitae arcu ut est varius venenatis id maximus sem. Curabitur non consectetur turpis.

",
  "frontmatter": Object {
    "title": "my little pony",
  },
}
`;

exports[`Process markdown content correctly process graphql correctly Correctly queries an excerpt for a node without an excerpt separator 1`] = `
Object {
  "excerpt": "",
  "frontmatter": Object {
    "title": "my little pony",
  },
}
`;
